 
****************************************
Report : area
Design : fpu
Version: T-2022.03-SP4
Date   : Sat Dec 21 16:55:01 2024
****************************************

Library(s) Used:

    saed14rvt_ss0p6v125c (File: /home1/14_nmts/14_nmts/stdcell_rvt/db_ccs/saed14rvt_ss0p6v125c.db)
    saed14lvt_ss0p6v125c (File: /home1/14_nmts/14_nmts/stdcell_lvt/db_ccs/saed14lvt_ss0p6v125c.db)
    saed14rvt_dlvl_ss0p72v125c_i0p6v (File: /home1/14_nmts/14_nmts/stdcell_rvt/db_ccs/saed14rvt_dlvl_ss0p72v125c_i0p6v.db)
    saed14lvt_ss0p72v125c (File: /home1/14_nmts/14_nmts/stdcell_lvt/db_ccs/saed14lvt_ss0p72v125c.db)
    saed14rvt_ulvl_ss0p72v125c_i0p6v (File: /home1/14_nmts/14_nmts/stdcell_rvt/db_ccs/saed14rvt_ulvl_ss0p72v125c_i0p6v.db)
    saed14rvt_ss0p72v125c (File: /home1/14_nmts/14_nmts/stdcell_rvt/db_ccs/saed14rvt_ss0p72v125c.db)

Number of ports:                        57679
Number of nets:                         84917
Number of cells:                        41844
Number of combinational cells:          31140
Number of sequential cells:              7277
Number of macros/black boxes:               0
Number of buf/inv:                       4684
Number of references:                      13

Combinational area:              11593.994251
Buf/Inv area:                      895.503590
Noncombinational area:            6752.707191
Macro/Black Box area:                0.000000
Net Interconnect area:           53778.657484

Total cell area:                 18346.701442
Total area:                      72125.358927
1
